(program
  (let
    (rec)
    (datatypebind
      (datatype
        (tyvardecl List (fun (type) (type)))
        (tyvardecl a (type))
        Nil_match
        (vardecl Nil [ List a ])
        (vardecl Cons (fun a (fun [ List a ] [ List a ])))
      )
    )
    (let
      (nonrec)
      (datatypebind
        (datatype
          (tyvardecl Monoid (fun (type) (type)))
          (tyvardecl a (type))
          Monoid_match
          (vardecl
            CConsMonoid
            (fun [ (lam a (type) (fun a (fun a a))) a ] (fun a [ Monoid a ]))
          )
        )
      )
      (datatypebind
        (datatype
          (tyvardecl AdditiveMonoid (fun (type) (type)))
          (tyvardecl a (type))
          AdditiveMonoid_match
          (vardecl
            CConsAdditiveMonoid
            (fun
              [ (lam a (type) (fun a (fun a a))) a ]
              (fun a [ AdditiveMonoid a ])
            )
          )
        )
      )
      (datatypebind
        (datatype
          (tyvardecl Bool (type))

          Bool_match
          (vardecl True Bool) (vardecl False Bool)
        )
      )
      [
        [
          [
            {
              (let
                (nonrec)
                (typebind (tyvardecl m (type)) [ (lam a (type) a) Bool ])
                (abs
                  a
                  (type)
                  (lam
                    dMonoid
                    [ Monoid m ]
                    (lam
                      eta
                      (fun a m)
                      (let
                        (rec)
                        (termbind
                          (strict)
                          (vardecl go (fun [ List a ] m))
                          (lam
                            ds
                            [ List a ]
                            {
                              [
                                [
                                  { [ { Nil_match a } ds ] (all dead (type) m) }
                                  (abs
                                    dead
                                    (type)
                                    [
                                      { [ { Monoid_match m } dMonoid ] m }
                                      (lam
                                        v
                                        [ (lam a (type) (fun a (fun a a))) m ]
                                        (lam v m v)
                                      )
                                    ]
                                  )
                                ]
                                (lam
                                  x
                                  a
                                  (lam
                                    xs
                                    [ List a ]
                                    (abs
                                      dead
                                      (type)
                                      [
                                        [
                                          [
                                            {
                                              [ { Monoid_match m } dMonoid ]
                                              [
                                                (lam a (type) (fun a (fun a a)))
                                                m
                                              ]
                                            }
                                            (lam
                                              v
                                              [
                                                (lam a (type) (fun a (fun a a)))
                                                m
                                              ]
                                              (lam v m v)
                                            )
                                          ]
                                          [ eta x ]
                                        ]
                                        [ go xs ]
                                      ]
                                    )
                                  )
                                )
                              ]
                              (all dead (type) dead)
                            }
                          )
                        )
                        (lam eta [ List a ] [ go eta ])
                      )
                    )
                  )
                )
              )
              (con integer)
            }
            (let
              (nonrec)
              (termbind
                (strict)
                (vardecl v [ AdditiveMonoid Bool ])
                [
                  [
                    { CConsAdditiveMonoid Bool }
                    (lam
                      l
                      Bool
                      (lam
                        r
                        Bool
                        {
                          [
                            [
                              { [ Bool_match l ] (all dead (type) Bool) }
                              (abs dead (type) True)
                            ]
                            (abs dead (type) r)
                          ]
                          (all dead (type) dead)
                        }
                      )
                    )
                  ]
                  False
                ]
              )
              [
                [
                  { CConsMonoid [ (lam a (type) a) Bool ] }
                  (lam
                    eta
                    [ (lam a (type) a) Bool ]
                    (lam
                      eta
                      [ (lam a (type) a) Bool ]
                      [
                        [
                          [
                            {
                              [ { AdditiveMonoid_match Bool } v ]
                              [ (lam a (type) (fun a (fun a a))) Bool ]
                            }
                            (lam
                              v
                              [ (lam a (type) (fun a (fun a a))) Bool ]
                              (lam v Bool v)
                            )
                          ]
                          eta
                        ]
                        eta
                      ]
                    )
                  )
                ]
                [
                  { [ { AdditiveMonoid_match Bool } v ] Bool }
                  (lam
                    v [ (lam a (type) (fun a (fun a a))) Bool ] (lam v Bool v)
                  )
                ]
              ]
            )
          ]
          (lam
            v
            (con integer)
            [
              [
                [
                  { (builtin ifThenElse) Bool }
                  [ [ (builtin lessThanEqualsInteger) (con integer 10) ] v ]
                ]
                False
              ]
              True
            ]
          )
        ]
        [
          [
            (let
              (nonrec)
              (typebind (tyvardecl a (type)) [ List (con integer) ])
              (lam
                c
                (fun (con integer) (fun a a))
                (lam
                  n
                  a
                  [
                    [ c (con integer 1) ]
                    [
                      [ c (con integer 2) ]
                      [
                        [ c (con integer 3) ]
                        [
                          [ c (con integer 4) ]
                          [
                            [ c (con integer 5) ]
                            [
                              [ c (con integer 6) ]
                              [
                                [ c (con integer 7) ]
                                [
                                  [ c (con integer 8) ]
                                  [
                                    [ c (con integer 9) ]
                                    [ [ c (con integer 10) ] n ]
                                  ]
                                ]
                              ]
                            ]
                          ]
                        ]
                      ]
                    ]
                  ]
                )
              )
            )
            (lam
              ds
              (con integer)
              (lam
                ds [ List (con integer) ] [ [ { Cons (con integer) } ds ] ds ]
              )
            )
          ]
          { Nil (con integer) }
        ]
      ]
    )
  )
)