<<<<<<< HEAD
[ [ (builtin addInteger) (con integer 4) ] (con integer 5) ]
=======
[
<<<<<<< HEAD
  (lam
    eta
    (con integer)
    [
      [
        [
          {
            (abs a (type) (lam v [ (lam a (type) (fun a (fun a a))) a ] v))
            (con integer)
          }
          (lam
            x
            (con integer)
            (lam y (con integer) [ [ (builtin addInteger) x ] y ])
          )
        ]
        (con integer 4)
      ]
      eta
    ]
  )
  (con integer 5)
]
>>>>>>> d7318048b (Add test of a let that is an application. Needs more investigation on this one.)
=======
  (lam eta (con integer) [ [ AddInteger (con integer 4) ] eta ]) (con integer 5)
]
>>>>>>> c8da949fc (Simplify letApp by hand.)
