<<<<<<< HEAD
<<<<<<< HEAD
[ (lam y (con integer) (lam x (con integer) x)) (con integer 3) ]
=======
(lam x (con integer) x)
>>>>>>> f09f6ba6a (Add letFunInFun test.)
=======
[ (lam eta (con integer) (lam x (con integer) x)) (con integer 3) ]
>>>>>>> de7c772ed (f)
