<<<<<<< HEAD
[ { (abs a (type) (lam x a x)) (con integer) } (con integer 3) ]
=======
[
  { (abs a (type) (lam x a x)) (fun (con integer) (con integer)) }
  (lam x (con integer) x)
]
>>>>>>> aa7efa877 (Add id fully applied test.)
