(program 1.0.0 (lam x_i0 (lam y_i0 (lam z_i0 x_i3))))