(program
  1.0.0
  [
    (lam idFun_i0 [ [ (lam g_i0 g_i1) (lam y_i0 idFun_i2) ] idFun_i1 ])
    (lam x_i0 x_i1)
  ]
)