(program
  1.1.0
  [
    (lam
      idFun_i0
      [
        [
          (lam k_i0 k_i1)
          (lam eta_i0 [ [ (lam g_i0 g_i1) (lam y_i0 idFun_i3) ] eta_i1 ])
        ]
        idFun_i1
      ]
    )
    (lam x_i0 x_i1)
  ]
)