(program
  1.1.0
  [
    (lam
      constFun_i0
      [ constFun_i1 [ [ constFun_i1 (con integer 3) ] (con integer 5) ] ]
    )
    (lam x_i0 (lam y_i0 x_i2))
  ]
)