(program
  1.1.0
  [
    [
      [
        (lam funApp_i0 funApp_i1)
        (lam
          eta_i0
          (lam eta_i0 [ [ (lam idFun_i0 idFun_i1) (lam x_i0 x_i1) ] eta_i1 ])
        )
      ]
      (con integer 5)
    ]
    (con integer 6)
  ]
)