(program
  1.0.0
  [
    (force [ (lam idFun_i0 idFun_i1) (delay (lam x_i0 x_i1)) ]) (con integer 3)
  ]
)