(program
  1.0.0
  [
    (lam idFun_i0 [ (force idFun_i1) (force idFun_i1) ]) (delay (lam x_i0 x_i1))
  ]
)