(program
  1.0.0
  [
    [
      (lam
        idFun_i0
        [
          (lam
            funApp_i0
            [
              (lam k_i0 [ (force k_i1) [ (force k_i1) idFun_i3 ] ])
              (delay funApp_i1)
            ]
          )
          (lam x_i0 idFun_i2)
        ]
      )
      (lam y_i0 y_i1)
    ]
    (con integer 6)
  ]
)